// Jest Snapshot v1, https://goo.gl/fbAQLP

exports[`ErrorDialog renders 1`] = `null`;
